error: constructors in ink! must have no specified return type
