error[E0616]: field `__env` of struct `noop::__ink_private::__ink_storage::StorageAndEnv` is private
  --> $DIR/06-access-generated-fields.rs:13:22
   |
13 |             let _ = &self.__env;
   |                      ^^^^^^^^^^

error[E0616]: field `__storage` of struct `noop::__ink_private::__ink_storage::StorageAndEnv` is private
  --> $DIR/06-access-generated-fields.rs:18:22
   |
18 |             let _ = &self.__storage;
   |                      ^^^^^^^^^^^^^^
