error[E0277]: the trait bound `NonCodec: WrapperTypeEncode` is not satisfied
  --> $DIR/M-04-message-returns-non-codec.rs:17:49
   |
17 |         pub fn returns_non_codec_type(&self) -> NonCodec {}
   |                                                 ^^^^^^^^ the trait `WrapperTypeEncode` is not implemented for `NonCodec`
   |
  ::: $WORKSPACE/lang/src/traits.rs
   |
   |     type Output: scale::Encode + 'static;
   |                  ------------- required by this bound in `FnOutput`
   |
   = note: required because of the requirements on the impl of `Encode` for `NonCodec`
